  5.9s  what is the volume of 322234ft x 21323ft x 212231ft?         ['322234 * 21323 * 212231']
  2.4s  2+2                                                          ['2+2']
  3.1s  whats 17.5% of 2,340                                         ['2340*17.5/100']
  3.2s  If rent is $1,850 and we're 3 roommates, how much does each  ['1850/3']
  3.2s  tip for a $64 dinner at 18 percent?                          ['64*18/100']
  3.1s  Can you add up 129, 88 and 406 for me                        ['129 + 88 + 406']
  2.7s  hey what is 48 times 365                                     ['48 * 365']
  3.4s  26.2 miles, what's that in kilometers?                       ['26.2 * 1.60934']
  3.1s  a room is 12ft by 15ft, what's the area                      ['12*15']
  4.8s  I bought 3 dozen eggs at $0.35 each, what did I spend?       ['3*12', 'p1*0.35']
  5.6s  what's 15% of 80 and 20% of 60?                              ['80*15/100', '60*20/100']
  5.2s  Volume of a 3ft x 4ft x 5ft box, and how many cubic yards is ['3*4*5', 'p1/27']
  3.2s  at 65 mph how long will a 340 mile drive take                ['340 / 65']
  2.8s  90000-1                                                      ['90000 - 1']
  3.0s  (12 + 8) / 5                                                 ['(12 + 8) / 5']
  5.2s  $120 sneakers are 30% off, what do they cost now             ['120*30/100', '120-p1']
  3.5s  what is 7.25% tax on a $1,299 laptop                         ['1299*7.25/100']
  3.4s  what's the mean score if I got 88, 92 and 79?                ['(88 + 92 + 79) / 3']
  2.6s  what's the square root of 729 again?                         ['sqrt(729)']
  2.6s  how much is 12 squared                                       ['12**2']
  3.3s  split a $212.40 check five ways                              ['212.40/5']
  3.1s  I save $40 every week, how much in a year?                   ['40*52']
  3.2s  my car does 32 mpg, how much gas for a 400 mile trip         ['400 / 32']
  5.3s  convert 70 F to celsius                                      ['70 - 32', 'p1 * 5/9']
  4.5s  half of three dozen is how many?                             ['3*12', 'p1/2']
  4.9s  cost of 4 concert tickets if they're $27.50 each and there's ['4*27.50', 'p1+6']
  5.4s  take 25% of 360 and then subtract 40                         ['360*25/100', 'p1-40']
  3.2s  how many seconds in 3 days                                   ['3*24*60*60']
  3.1s  what's 1000000 * 3.5                                         ['1000000 * 3.5']
  2.5s  what's two + two?                                            ['2 + 2']
  3.1s  my garden is 5m by 8m, how much soil to fill it 2m deep      ['5*8*2']
  1.0s  we have 2 kids and 3 dogs                                    []
  1.0s  my flight is at 7:45 tomorrow                                []
  1.0s  call me at 555-1234                                          []
  0.9s  lol ok                                                       []
  1.0s  I was born in 1990                                           []
  1.0s  remember my gate code is 4417                                []
  1.0s  what's the weather in Denver tomorrow                        []
  2.8s  final was 21-17, what a game                                 ['21 - 17']
  1.0s  text me at 555-867-5309                                      []

ministral-8b: every problem right 82%, final answer right 95%, found the math 100%, quiet when there's none 89%, 3.1s median
